#-----------------------------------------------------------
# Vivado v2024.1 (64-bit)
# SW Build 5076996 on Wed May 22 18:37:14 MDT 2024
# IP Build 5075265 on Wed May 22 21:45:21 MDT 2024
# SharedData Build 5076995 on Wed May 22 18:29:18 MDT 2024
# Start of session at: Thu May 14 13:58:28 2026
# Process ID: 8212
# Current directory: C:/Users/Student/Documents/287036/project_2/project_2.runs/synth_1
# Command line: vivado.exe -log MAIN.vds -product Vivado -mode batch -messageDb vivado.pb -notrace -source MAIN.tcl
# Log file: C:/Users/Student/Documents/287036/project_2/project_2.runs/synth_1/MAIN.vds
# Journal file: C:/Users/Student/Documents/287036/project_2/project_2.runs/synth_1\vivado.jou
# Running On        :LAB39-11
# Platform          :Windows Server 2016 or Windows 10
# Operating System  :19045
# Processor Detail  :AMD Ryzen 7 5700G with Radeon Graphics         
# CPU Frequency     :3793 MHz
# CPU Physical cores:8
# CPU Logical cores :16
# Host memory       :14920 MB
# Swap memory       :2281 MB
# Total Virtual     :17201 MB
# Available Virtual :9986 MB
#-----------------------------------------------------------
source MAIN.tcl -notrace
