Copyright 1986-2022 Xilinx, Inc. All Rights Reserved. Copyright 2022-2024 Advanced Micro Devices, Inc. All Rights Reserved.
---------------------------------------------------------------------------------------------------------------------------------------------------------------------------------------------------------
| Tool Version : Vivado v.2024.1 (win64) Build 5076996 Wed May 22 18:37:14 MDT 2024
| Date         : Tue May 19 13:51:16 2026
| Host         : LAB39-11 running 64-bit major release  (build 9200)
| Command      : report_timing_summary -max_paths 10 -report_unconstrained -file MAIN_timing_summary_routed.rpt -pb MAIN_timing_summary_routed.pb -rpx MAIN_timing_summary_routed.rpx -warn_on_violation
| Design       : MAIN
| Device       : 7a100t-csg324
| Speed File   : -1  PRODUCTION 1.23 2018-06-13
| Design State : Routed
---------------------------------------------------------------------------------------------------------------------------------------------------------------------------------------------------------

Timing Summary Report

------------------------------------------------------------------------------------------------
| Timer Settings
| --------------
------------------------------------------------------------------------------------------------

  Enable Multi Corner Analysis               :  Yes
  Enable Pessimism Removal                   :  Yes
  Pessimism Removal Resolution               :  Nearest Common Node
  Enable Input Delay Default Clock           :  No
  Enable Preset / Clear Arcs                 :  No
  Disable Flight Delays                      :  No
  Ignore I/O Paths                           :  No
  Timing Early Launch at Borrowing Latches   :  No
  Borrow Time for Max Delay Exceptions       :  Yes
  Merge Timing Exceptions                    :  Yes
  Inter-SLR Compensation                     :  Conservative

  Corner  Analyze    Analyze    
  Name    Max Paths  Min Paths  
  ------  ---------  ---------  
  Slow    Yes        Yes        
  Fast    Yes        Yes        


------------------------------------------------------------------------------------------------
| Report Methodology
| ------------------
------------------------------------------------------------------------------------------------

Rule       Severity          Description                  Violations  
---------  ----------------  ---------------------------  ----------  
TIMING-17  Critical Warning  Non-clocked sequential cell  32          

Note: This report is based on the most recent report_methodology run and may not be up-to-date. Run report_methodology on the current design for the latest report.



check_timing report

Table of Contents
-----------------
1. checking no_clock (32)
2. checking constant_clock (0)
3. checking pulse_width_clock (0)
4. checking unconstrained_internal_endpoints (36)
5. checking no_input_delay (1)
6. checking no_output_delay (16)
7. checking multiple_clock (0)
8. checking generated_clocks (0)
9. checking loops (0)
10. checking partial_input_delay (0)
11. checking partial_output_delay (0)
12. checking latch_loops (0)

1. checking no_clock (32)
-------------------------
 There are 26 register/latch pins with no clock driven by root clock pin: CLK (HIGH)

 There are 2 register/latch pins with no clock driven by root clock pin: divider0/BUF_reg[15]/Q (HIGH)

 There are 4 register/latch pins with no clock driven by root clock pin: divider0/BUF_reg[25]/Q (HIGH)


2. checking constant_clock (0)
------------------------------
 There are 0 register/latch pins with constant_clock.


3. checking pulse_width_clock (0)
---------------------------------
 There are 0 register/latch pins which need pulse_width check


4. checking unconstrained_internal_endpoints (36)
-------------------------------------------------
 There are 36 pins that are not constrained for maximum delay. (HIGH)

 There are 0 pins that are not constrained for maximum delay due to constant clock.


5. checking no_input_delay (1)
------------------------------
 There is 1 input port with no input delay specified. (HIGH)

 There are 0 input ports with no input delay but user has a false path constraint.


6. checking no_output_delay (16)
--------------------------------
 There are 16 ports with no output delay specified. (HIGH)

 There are 0 ports with no output delay but user has a false path constraint

 There are 0 ports with no output delay but with a timing clock defined on it or propagating through it


7. checking multiple_clock (0)
------------------------------
 There are 0 register/latch pins with multiple clocks.


8. checking generated_clocks (0)
--------------------------------
 There are 0 generated clocks that are not connected to a clock source.


9. checking loops (0)
---------------------
 There are 0 combinational loops in the design.


10. checking partial_input_delay (0)
------------------------------------
 There are 0 input ports with partial input delay specified.


11. checking partial_output_delay (0)
-------------------------------------
 There are 0 ports with partial output delay specified.


12. checking latch_loops (0)
----------------------------
 There are 0 combinational latch loops in the design through latch input



------------------------------------------------------------------------------------------------
| Design Timing Summary
| ---------------------
------------------------------------------------------------------------------------------------

    WNS(ns)      TNS(ns)  TNS Failing Endpoints  TNS Total Endpoints      WHS(ns)      THS(ns)  THS Failing Endpoints  THS Total Endpoints     WPWS(ns)     TPWS(ns)  TPWS Failing Endpoints  TPWS Total Endpoints  
    -------      -------  ---------------------  -------------------      -------      -------  ---------------------  -------------------     --------     --------  ----------------------  --------------------  
        inf        0.000                      0                   52          inf        0.000                      0                   52           NA           NA                      NA                    NA  


There are no user specified timing constraints.


------------------------------------------------------------------------------------------------
| Clock Summary
| -------------
------------------------------------------------------------------------------------------------


------------------------------------------------------------------------------------------------
| Intra Clock Table
| -----------------
------------------------------------------------------------------------------------------------

Clock             WNS(ns)      TNS(ns)  TNS Failing Endpoints  TNS Total Endpoints      WHS(ns)      THS(ns)  THS Failing Endpoints  THS Total Endpoints     WPWS(ns)     TPWS(ns)  TPWS Failing Endpoints  TPWS Total Endpoints  
-----             -------      -------  ---------------------  -------------------      -------      -------  ---------------------  -------------------     --------     --------  ----------------------  --------------------  


------------------------------------------------------------------------------------------------
| Inter Clock Table
| -----------------
------------------------------------------------------------------------------------------------

From Clock    To Clock          WNS(ns)      TNS(ns)  TNS Failing Endpoints  TNS Total Endpoints      WHS(ns)      THS(ns)  THS Failing Endpoints  THS Total Endpoints  
----------    --------          -------      -------  ---------------------  -------------------      -------      -------  ---------------------  -------------------  


------------------------------------------------------------------------------------------------
| Other Path Groups Table
| -----------------------
------------------------------------------------------------------------------------------------

Path Group    From Clock    To Clock          WNS(ns)      TNS(ns)  TNS Failing Endpoints  TNS Total Endpoints      WHS(ns)      THS(ns)  THS Failing Endpoints  THS Total Endpoints  
----------    ----------    --------          -------      -------  ---------------------  -------------------      -------      -------  ---------------------  -------------------  


------------------------------------------------------------------------------------------------
| User Ignored Path Table
| -----------------------
------------------------------------------------------------------------------------------------

Path Group    From Clock    To Clock    
----------    ----------    --------    


------------------------------------------------------------------------------------------------
| Unconstrained Path Table
| ------------------------
------------------------------------------------------------------------------------------------

Path Group    From Clock    To Clock    
----------    ----------    --------    
(none)                                    


------------------------------------------------------------------------------------------------
| Timing Details
| --------------
------------------------------------------------------------------------------------------------


--------------------------------------------------------------------------------------
Path Group:  (none)
From Clock:  
  To Clock:  

Max Delay            52 Endpoints
Min Delay            52 Endpoints
--------------------------------------------------------------------------------------


Max Delay Paths
--------------------------------------------------------------------------------------
Slack:                    inf
  Source:                 Ss_reg[0]/C
                            (rising edge-triggered cell FDRE)
  Destination:            Yseg[1]
                            (output port)
  Path Group:             (none)
  Path Type:              Max at Slow Process Corner
  Data Path Delay:        8.499ns  (logic 4.135ns (48.659%)  route 4.363ns (51.341%))
  Logic Levels:           3  (FDRE=1 LUT6=1 OBUF=1)

    Location             Delay type                Incr(ns)  Path(ns)    Netlist Resource(s)
  -------------------------------------------------------------------    -------------------
    SLICE_X0Y96          FDRE                         0.000     0.000 r  Ss_reg[0]/C
    SLICE_X0Y96          FDRE (Prop_fdre_C_Q)         0.456     0.456 f  Ss_reg[0]/Q
                         net (fo=13, routed)          1.454     1.910    counter0/ff3/Q[0]
    SLICE_X0Y81          LUT6 (Prop_lut6_I0_O)        0.124     2.034 r  counter0/ff3/Yseg_OBUF[1]_inst_i_1/O
                         net (fo=1, routed)           2.910     4.943    Yseg_OBUF[1]
    R10                  OBUF (Prop_obuf_I_O)         3.555     8.499 r  Yseg_OBUF[1]_inst/O
                         net (fo=0)                   0.000     8.499    Yseg[1]
    R10                                                               r  Yseg[1] (OUT)
  -------------------------------------------------------------------    -------------------

Slack:                    inf
  Source:                 counter0/ff3/tmp_reg/C
                            (rising edge-triggered cell FDCE)
  Destination:            Yseg[3]
                            (output port)
  Path Group:             (none)
  Path Type:              Max at Slow Process Corner
  Data Path Delay:        8.258ns  (logic 4.130ns (50.013%)  route 4.128ns (49.987%))
  Logic Levels:           3  (FDCE=1 LUT6=1 OBUF=1)

    Location             Delay type                Incr(ns)  Path(ns)    Netlist Resource(s)
  -------------------------------------------------------------------    -------------------
    SLICE_X0Y82          FDCE                         0.000     0.000 r  counter0/ff3/tmp_reg/C
    SLICE_X0Y82          FDCE (Prop_fdce_C_Q)         0.456     0.456 r  counter0/ff3/tmp_reg/Q
                         net (fo=9, routed)           1.714     2.170    counter0/ff2/Yseg[4]_0
    SLICE_X0Y96          LUT6 (Prop_lut6_I3_O)        0.124     2.294 r  counter0/ff2/Yseg_OBUF[3]_inst_i_1/O
                         net (fo=1, routed)           2.414     4.708    Yseg_OBUF[3]
    K13                  OBUF (Prop_obuf_I_O)         3.550     8.258 r  Yseg_OBUF[3]_inst/O
                         net (fo=0)                   0.000     8.258    Yseg[3]
    K13                                                               r  Yseg[3] (OUT)
  -------------------------------------------------------------------    -------------------

Slack:                    inf
  Source:                 Ss_reg[0]/C
                            (rising edge-triggered cell FDRE)
  Destination:            Yan[2]
                            (output port)
  Path Group:             (none)
  Path Type:              Max at Slow Process Corner
  Data Path Delay:        8.229ns  (logic 4.382ns (53.258%)  route 3.846ns (46.742%))
  Logic Levels:           3  (FDRE=1 LUT2=1 OBUF=1)

    Location             Delay type                Incr(ns)  Path(ns)    Netlist Resource(s)
  -------------------------------------------------------------------    -------------------
    SLICE_X0Y96          FDRE                         0.000     0.000 r  Ss_reg[0]/C
    SLICE_X0Y96          FDRE (Prop_fdre_C_Q)         0.456     0.456 r  Ss_reg[0]/Q
                         net (fo=13, routed)          1.121     1.577    S[0]
    SLICE_X0Y82          LUT2 (Prop_lut2_I0_O)        0.150     1.727 r  Yan_OBUF[2]_inst_i_1/O
                         net (fo=1, routed)           2.725     4.452    Yan_OBUF[2]
    T9                   OBUF (Prop_obuf_I_O)         3.776     8.229 r  Yan_OBUF[2]_inst/O
                         net (fo=0)                   0.000     8.229    Yan[2]
    T9                                                                r  Yan[2] (OUT)
  -------------------------------------------------------------------    -------------------

Slack:                    inf
  Source:                 Ss_reg[1]/C
                            (rising edge-triggered cell FDRE)
  Destination:            Yseg[0]
                            (output port)
  Path Group:             (none)
  Path Type:              Max at Slow Process Corner
  Data Path Delay:        8.162ns  (logic 4.157ns (50.933%)  route 4.005ns (49.067%))
  Logic Levels:           3  (FDRE=1 LUT6=1 OBUF=1)

    Location             Delay type                Incr(ns)  Path(ns)    Netlist Resource(s)
  -------------------------------------------------------------------    -------------------
    SLICE_X0Y96          FDRE                         0.000     0.000 r  Ss_reg[1]/C
    SLICE_X0Y96          FDRE (Prop_fdre_C_Q)         0.456     0.456 f  Ss_reg[1]/Q
                         net (fo=12, routed)          1.440     1.896    counter0/ff2/Q[1]
    SLICE_X0Y81          LUT6 (Prop_lut6_I4_O)        0.124     2.020 r  counter0/ff2/Yseg_OBUF[0]_inst_i_1/O
                         net (fo=1, routed)           2.565     4.585    Yseg_OBUF[0]
    T10                  OBUF (Prop_obuf_I_O)         3.577     8.162 r  Yseg_OBUF[0]_inst/O
                         net (fo=0)                   0.000     8.162    Yseg[0]
    T10                                                               r  Yseg[0] (OUT)
  -------------------------------------------------------------------    -------------------

Slack:                    inf
  Source:                 Ss_reg[1]/C
                            (rising edge-triggered cell FDRE)
  Destination:            Yseg[5]
                            (output port)
  Path Group:             (none)
  Path Type:              Max at Slow Process Corner
  Data Path Delay:        7.890ns  (logic 4.141ns (52.478%)  route 3.750ns (47.522%))
  Logic Levels:           3  (FDRE=1 LUT6=1 OBUF=1)

    Location             Delay type                Incr(ns)  Path(ns)    Netlist Resource(s)
  -------------------------------------------------------------------    -------------------
    SLICE_X0Y96          FDRE                         0.000     0.000 r  Ss_reg[1]/C
    SLICE_X0Y96          FDRE (Prop_fdre_C_Q)         0.456     0.456 f  Ss_reg[1]/Q
                         net (fo=12, routed)          1.437     1.893    counter0/ff0/Q[1]
    SLICE_X0Y81          LUT6 (Prop_lut6_I1_O)        0.124     2.017 r  counter0/ff0/Yseg_OBUF[5]_inst_i_1/O
                         net (fo=1, routed)           2.313     4.330    Yseg_OBUF[5]
    T11                  OBUF (Prop_obuf_I_O)         3.561     7.890 r  Yseg_OBUF[5]_inst/O
                         net (fo=0)                   0.000     7.890    Yseg[5]
    T11                                                               r  Yseg[5] (OUT)
  -------------------------------------------------------------------    -------------------

Slack:                    inf
  Source:                 counter0/ff1/tmp_reg/C
                            (rising edge-triggered cell FDCE)
  Destination:            Yseg[6]
                            (output port)
  Path Group:             (none)
  Path Type:              Max at Slow Process Corner
  Data Path Delay:        7.694ns  (logic 4.117ns (53.511%)  route 3.577ns (46.489%))
  Logic Levels:           3  (FDCE=1 LUT6=1 OBUF=1)

    Location             Delay type                Incr(ns)  Path(ns)    Netlist Resource(s)
  -------------------------------------------------------------------    -------------------
    SLICE_X0Y82          FDCE                         0.000     0.000 r  counter0/ff1/tmp_reg/C
    SLICE_X0Y82          FDCE (Prop_fdce_C_Q)         0.456     0.456 r  counter0/ff1/tmp_reg/Q
                         net (fo=11, routed)          1.909     2.365    counter0/ff0/tmp_reg_3
    SLICE_X1Y91          LUT6 (Prop_lut6_I4_O)        0.124     2.489 r  counter0/ff0/Yseg_OBUF[6]_inst_i_1/O
                         net (fo=1, routed)           1.668     4.157    Yseg_OBUF[6]
    L18                  OBUF (Prop_obuf_I_O)         3.537     7.694 r  Yseg_OBUF[6]_inst/O
                         net (fo=0)                   0.000     7.694    Yseg[6]
    L18                                                               r  Yseg[6] (OUT)
  -------------------------------------------------------------------    -------------------

Slack:                    inf
  Source:                 counter0/ff3/tmp_reg/C
                            (rising edge-triggered cell FDCE)
  Destination:            Yseg[2]
                            (output port)
  Path Group:             (none)
  Path Type:              Max at Slow Process Corner
  Data Path Delay:        7.691ns  (logic 4.073ns (52.959%)  route 3.618ns (47.041%))
  Logic Levels:           3  (FDCE=1 LUT6=1 OBUF=1)

    Location             Delay type                Incr(ns)  Path(ns)    Netlist Resource(s)
  -------------------------------------------------------------------    -------------------
    SLICE_X0Y82          FDCE                         0.000     0.000 r  counter0/ff3/tmp_reg/C
    SLICE_X0Y82          FDCE (Prop_fdce_C_Q)         0.456     0.456 r  counter0/ff3/tmp_reg/Q
                         net (fo=9, routed)           1.713     2.169    counter0/ff0/Yseg[2]
    SLICE_X0Y96          LUT6 (Prop_lut6_I4_O)        0.124     2.293 r  counter0/ff0/Yseg_OBUF[2]_inst_i_1/O
                         net (fo=1, routed)           1.905     4.198    Yseg_OBUF[2]
    K16                  OBUF (Prop_obuf_I_O)         3.493     7.691 r  Yseg_OBUF[2]_inst/O
                         net (fo=0)                   0.000     7.691    Yseg[2]
    K16                                                               r  Yseg[2] (OUT)
  -------------------------------------------------------------------    -------------------

Slack:                    inf
  Source:                 Ss_reg[0]/C
                            (rising edge-triggered cell FDRE)
  Destination:            Yan[1]
                            (output port)
  Path Group:             (none)
  Path Type:              Max at Slow Process Corner
  Data Path Delay:        7.540ns  (logic 4.116ns (54.586%)  route 3.424ns (45.414%))
  Logic Levels:           3  (FDRE=1 LUT2=1 OBUF=1)

    Location             Delay type                Incr(ns)  Path(ns)    Netlist Resource(s)
  -------------------------------------------------------------------    -------------------
    SLICE_X0Y96          FDRE                         0.000     0.000 r  Ss_reg[0]/C
    SLICE_X0Y96          FDRE (Prop_fdre_C_Q)         0.456     0.456 f  Ss_reg[0]/Q
                         net (fo=13, routed)          1.121     1.577    S[0]
    SLICE_X0Y82          LUT2 (Prop_lut2_I1_O)        0.124     1.701 r  Yan_OBUF[1]_inst_i_1/O
                         net (fo=1, routed)           2.303     4.004    Yan_OBUF[1]
    J18                  OBUF (Prop_obuf_I_O)         3.536     7.540 r  Yan_OBUF[1]_inst/O
                         net (fo=0)                   0.000     7.540    Yan[1]
    J18                                                               r  Yan[1] (OUT)
  -------------------------------------------------------------------    -------------------

Slack:                    inf
  Source:                 Ss_reg[0]/C
                            (rising edge-triggered cell FDRE)
  Destination:            Yseg[4]
                            (output port)
  Path Group:             (none)
  Path Type:              Max at Slow Process Corner
  Data Path Delay:        7.470ns  (logic 4.114ns (55.070%)  route 3.356ns (44.930%))
  Logic Levels:           3  (FDRE=1 LUT6=1 OBUF=1)

    Location             Delay type                Incr(ns)  Path(ns)    Netlist Resource(s)
  -------------------------------------------------------------------    -------------------
    SLICE_X0Y96          FDRE                         0.000     0.000 r  Ss_reg[0]/C
    SLICE_X0Y96          FDRE (Prop_fdre_C_Q)         0.456     0.456 r  Ss_reg[0]/Q
                         net (fo=13, routed)          1.452     1.908    counter0/ff2/Q[0]
    SLICE_X0Y81          LUT6 (Prop_lut6_I0_O)        0.124     2.032 r  counter0/ff2/Yseg_OBUF[4]_inst_i_1/O
                         net (fo=1, routed)           1.904     3.936    Yseg_OBUF[4]
    P15                  OBUF (Prop_obuf_I_O)         3.534     7.470 r  Yseg_OBUF[4]_inst/O
                         net (fo=0)                   0.000     7.470    Yseg[4]
    P15                                                               r  Yseg[4] (OUT)
  -------------------------------------------------------------------    -------------------

Slack:                    inf
  Source:                 counter0/ff2/tmp_reg/C
                            (rising edge-triggered cell FDCE)
  Destination:            Ycounter[2]
                            (output port)
  Path Group:             (none)
  Path Type:              Max at Slow Process Corner
  Data Path Delay:        7.170ns  (logic 4.144ns (57.787%)  route 3.027ns (42.213%))
  Logic Levels:           2  (FDCE=1 OBUF=1)

    Location             Delay type                Incr(ns)  Path(ns)    Netlist Resource(s)
  -------------------------------------------------------------------    -------------------
    SLICE_X0Y82          FDCE                         0.000     0.000 r  counter0/ff2/tmp_reg/C
    SLICE_X0Y82          FDCE (Prop_fdce_C_Q)         0.419     0.419 r  counter0/ff2/tmp_reg/Q
                         net (fo=10, routed)          3.027     3.446    Ycounter_OBUF[2]
    J13                  OBUF (Prop_obuf_I_O)         3.725     7.170 r  Ycounter_OBUF[2]_inst/O
                         net (fo=0)                   0.000     7.170    Ycounter[2]
    J13                                                               r  Ycounter[2] (OUT)
  -------------------------------------------------------------------    -------------------





Min Delay Paths
--------------------------------------------------------------------------------------
Slack:                    inf
  Source:                 counter0/ff3/tmp_reg/C
                            (rising edge-triggered cell FDCE)
  Destination:            counter0/ff3/tmp_reg/D
  Path Group:             (none)
  Path Type:              Min at Fast Process Corner
  Data Path Delay:        0.371ns  (logic 0.186ns (50.108%)  route 0.185ns (49.892%))
  Logic Levels:           2  (FDCE=1 LUT4=1)

    Location             Delay type                Incr(ns)  Path(ns)    Netlist Resource(s)
  -------------------------------------------------------------------    -------------------
    SLICE_X0Y82          FDCE                         0.000     0.000 r  counter0/ff3/tmp_reg/C
    SLICE_X0Y82          FDCE (Prop_fdce_C_Q)         0.141     0.141 r  counter0/ff3/tmp_reg/Q
                         net (fo=9, routed)           0.185     0.326    counter0/ff1/tmp_reg_5
    SLICE_X0Y82          LUT4 (Prop_lut4_I3_O)        0.045     0.371 r  counter0/ff1/tmp_i_1__0/O
                         net (fo=1, routed)           0.000     0.371    counter0/ff3/tmp_reg_1
    SLICE_X0Y82          FDCE                                         r  counter0/ff3/tmp_reg/D
  -------------------------------------------------------------------    -------------------

Slack:                    inf
  Source:                 divider0/BUF_reg[10]/C
                            (rising edge-triggered cell FDRE)
  Destination:            divider0/BUF_reg[10]/D
  Path Group:             (none)
  Path Type:              Min at Fast Process Corner
  Data Path Delay:        0.373ns  (logic 0.252ns (67.478%)  route 0.121ns (32.522%))
  Logic Levels:           2  (CARRY4=1 FDRE=1)

    Location             Delay type                Incr(ns)  Path(ns)    Netlist Resource(s)
  -------------------------------------------------------------------    -------------------
    SLICE_X0Y90          FDRE                         0.000     0.000 r  divider0/BUF_reg[10]/C
    SLICE_X0Y90          FDRE (Prop_fdre_C_Q)         0.141     0.141 r  divider0/BUF_reg[10]/Q
                         net (fo=1, routed)           0.121     0.262    divider0/BUF_reg_n_0_[10]
    SLICE_X0Y90          CARRY4 (Prop_carry4_S[2]_O[2])
                                                      0.111     0.373 r  divider0/BUF_reg[8]_i_1/O[2]
                         net (fo=1, routed)           0.000     0.373    divider0/BUF_reg[8]_i_1_n_5
    SLICE_X0Y90          FDRE                                         r  divider0/BUF_reg[10]/D
  -------------------------------------------------------------------    -------------------

Slack:                    inf
  Source:                 divider0/BUF_reg[14]/C
                            (rising edge-triggered cell FDRE)
  Destination:            divider0/BUF_reg[14]/D
  Path Group:             (none)
  Path Type:              Min at Fast Process Corner
  Data Path Delay:        0.373ns  (logic 0.252ns (67.478%)  route 0.121ns (32.522%))
  Logic Levels:           2  (CARRY4=1 FDRE=1)

    Location             Delay type                Incr(ns)  Path(ns)    Netlist Resource(s)
  -------------------------------------------------------------------    -------------------
    SLICE_X0Y91          FDRE                         0.000     0.000 r  divider0/BUF_reg[14]/C
    SLICE_X0Y91          FDRE (Prop_fdre_C_Q)         0.141     0.141 r  divider0/BUF_reg[14]/Q
                         net (fo=1, routed)           0.121     0.262    divider0/BUF_reg_n_0_[14]
    SLICE_X0Y91          CARRY4 (Prop_carry4_S[2]_O[2])
                                                      0.111     0.373 r  divider0/BUF_reg[12]_i_1/O[2]
                         net (fo=1, routed)           0.000     0.373    divider0/BUF_reg[12]_i_1_n_5
    SLICE_X0Y91          FDRE                                         r  divider0/BUF_reg[14]/D
  -------------------------------------------------------------------    -------------------

Slack:                    inf
  Source:                 divider0/BUF_reg[18]/C
                            (rising edge-triggered cell FDRE)
  Destination:            divider0/BUF_reg[18]/D
  Path Group:             (none)
  Path Type:              Min at Fast Process Corner
  Data Path Delay:        0.373ns  (logic 0.252ns (67.478%)  route 0.121ns (32.522%))
  Logic Levels:           2  (CARRY4=1 FDRE=1)

    Location             Delay type                Incr(ns)  Path(ns)    Netlist Resource(s)
  -------------------------------------------------------------------    -------------------
    SLICE_X0Y92          FDRE                         0.000     0.000 r  divider0/BUF_reg[18]/C
    SLICE_X0Y92          FDRE (Prop_fdre_C_Q)         0.141     0.141 r  divider0/BUF_reg[18]/Q
                         net (fo=1, routed)           0.121     0.262    divider0/BUF_reg_n_0_[18]
    SLICE_X0Y92          CARRY4 (Prop_carry4_S[2]_O[2])
                                                      0.111     0.373 r  divider0/BUF_reg[16]_i_1/O[2]
                         net (fo=1, routed)           0.000     0.373    divider0/BUF_reg[16]_i_1_n_5
    SLICE_X0Y92          FDRE                                         r  divider0/BUF_reg[18]/D
  -------------------------------------------------------------------    -------------------

Slack:                    inf
  Source:                 divider0/BUF_reg[22]/C
                            (rising edge-triggered cell FDRE)
  Destination:            divider0/BUF_reg[22]/D
  Path Group:             (none)
  Path Type:              Min at Fast Process Corner
  Data Path Delay:        0.373ns  (logic 0.252ns (67.478%)  route 0.121ns (32.522%))
  Logic Levels:           2  (CARRY4=1 FDRE=1)

    Location             Delay type                Incr(ns)  Path(ns)    Netlist Resource(s)
  -------------------------------------------------------------------    -------------------
    SLICE_X0Y93          FDRE                         0.000     0.000 r  divider0/BUF_reg[22]/C
    SLICE_X0Y93          FDRE (Prop_fdre_C_Q)         0.141     0.141 r  divider0/BUF_reg[22]/Q
                         net (fo=1, routed)           0.121     0.262    divider0/BUF_reg_n_0_[22]
    SLICE_X0Y93          CARRY4 (Prop_carry4_S[2]_O[2])
                                                      0.111     0.373 r  divider0/BUF_reg[20]_i_1/O[2]
                         net (fo=1, routed)           0.000     0.373    divider0/BUF_reg[20]_i_1_n_5
    SLICE_X0Y93          FDRE                                         r  divider0/BUF_reg[22]/D
  -------------------------------------------------------------------    -------------------

Slack:                    inf
  Source:                 divider0/BUF_reg[2]/C
                            (rising edge-triggered cell FDRE)
  Destination:            divider0/BUF_reg[2]/D
  Path Group:             (none)
  Path Type:              Min at Fast Process Corner
  Data Path Delay:        0.373ns  (logic 0.252ns (67.478%)  route 0.121ns (32.522%))
  Logic Levels:           2  (CARRY4=1 FDRE=1)

    Location             Delay type                Incr(ns)  Path(ns)    Netlist Resource(s)
  -------------------------------------------------------------------    -------------------
    SLICE_X0Y88          FDRE                         0.000     0.000 r  divider0/BUF_reg[2]/C
    SLICE_X0Y88          FDRE (Prop_fdre_C_Q)         0.141     0.141 r  divider0/BUF_reg[2]/Q
                         net (fo=1, routed)           0.121     0.262    divider0/BUF_reg_n_0_[2]
    SLICE_X0Y88          CARRY4 (Prop_carry4_S[2]_O[2])
                                                      0.111     0.373 r  divider0/BUF_reg[0]_i_1/O[2]
                         net (fo=1, routed)           0.000     0.373    divider0/BUF_reg[0]_i_1_n_5
    SLICE_X0Y88          FDRE                                         r  divider0/BUF_reg[2]/D
  -------------------------------------------------------------------    -------------------

Slack:                    inf
  Source:                 divider0/BUF_reg[6]/C
                            (rising edge-triggered cell FDRE)
  Destination:            divider0/BUF_reg[6]/D
  Path Group:             (none)
  Path Type:              Min at Fast Process Corner
  Data Path Delay:        0.373ns  (logic 0.252ns (67.478%)  route 0.121ns (32.522%))
  Logic Levels:           2  (CARRY4=1 FDRE=1)

    Location             Delay type                Incr(ns)  Path(ns)    Netlist Resource(s)
  -------------------------------------------------------------------    -------------------
    SLICE_X0Y89          FDRE                         0.000     0.000 r  divider0/BUF_reg[6]/C
    SLICE_X0Y89          FDRE (Prop_fdre_C_Q)         0.141     0.141 r  divider0/BUF_reg[6]/Q
                         net (fo=1, routed)           0.121     0.262    divider0/BUF_reg_n_0_[6]
    SLICE_X0Y89          CARRY4 (Prop_carry4_S[2]_O[2])
                                                      0.111     0.373 r  divider0/BUF_reg[4]_i_1/O[2]
                         net (fo=1, routed)           0.000     0.373    divider0/BUF_reg[4]_i_1_n_5
    SLICE_X0Y89          FDRE                                         r  divider0/BUF_reg[6]/D
  -------------------------------------------------------------------    -------------------

Slack:                    inf
  Source:                 divider0/BUF_reg[10]/C
                            (rising edge-triggered cell FDRE)
  Destination:            divider0/BUF_reg[11]/D
  Path Group:             (none)
  Path Type:              Min at Fast Process Corner
  Data Path Delay:        0.406ns  (logic 0.285ns (70.118%)  route 0.121ns (29.882%))
  Logic Levels:           2  (CARRY4=1 FDRE=1)

    Location             Delay type                Incr(ns)  Path(ns)    Netlist Resource(s)
  -------------------------------------------------------------------    -------------------
    SLICE_X0Y90          FDRE                         0.000     0.000 r  divider0/BUF_reg[10]/C
    SLICE_X0Y90          FDRE (Prop_fdre_C_Q)         0.141     0.141 r  divider0/BUF_reg[10]/Q
                         net (fo=1, routed)           0.121     0.262    divider0/BUF_reg_n_0_[10]
    SLICE_X0Y90          CARRY4 (Prop_carry4_S[2]_O[3])
                                                      0.144     0.406 r  divider0/BUF_reg[8]_i_1/O[3]
                         net (fo=1, routed)           0.000     0.406    divider0/BUF_reg[8]_i_1_n_4
    SLICE_X0Y90          FDRE                                         r  divider0/BUF_reg[11]/D
  -------------------------------------------------------------------    -------------------

Slack:                    inf
  Source:                 divider0/BUF_reg[14]/C
                            (rising edge-triggered cell FDRE)
  Destination:            divider0/BUF_reg[15]/D
  Path Group:             (none)
  Path Type:              Min at Fast Process Corner
  Data Path Delay:        0.406ns  (logic 0.285ns (70.118%)  route 0.121ns (29.882%))
  Logic Levels:           2  (CARRY4=1 FDRE=1)

    Location             Delay type                Incr(ns)  Path(ns)    Netlist Resource(s)
  -------------------------------------------------------------------    -------------------
    SLICE_X0Y91          FDRE                         0.000     0.000 r  divider0/BUF_reg[14]/C
    SLICE_X0Y91          FDRE (Prop_fdre_C_Q)         0.141     0.141 r  divider0/BUF_reg[14]/Q
                         net (fo=1, routed)           0.121     0.262    divider0/BUF_reg_n_0_[14]
    SLICE_X0Y91          CARRY4 (Prop_carry4_S[2]_O[3])
                                                      0.144     0.406 r  divider0/BUF_reg[12]_i_1/O[3]
                         net (fo=1, routed)           0.000     0.406    divider0/BUF_reg[12]_i_1_n_4
    SLICE_X0Y91          FDRE                                         r  divider0/BUF_reg[15]/D
  -------------------------------------------------------------------    -------------------

Slack:                    inf
  Source:                 divider0/BUF_reg[18]/C
                            (rising edge-triggered cell FDRE)
  Destination:            divider0/BUF_reg[19]/D
  Path Group:             (none)
  Path Type:              Min at Fast Process Corner
  Data Path Delay:        0.406ns  (logic 0.285ns (70.118%)  route 0.121ns (29.882%))
  Logic Levels:           2  (CARRY4=1 FDRE=1)

    Location             Delay type                Incr(ns)  Path(ns)    Netlist Resource(s)
  -------------------------------------------------------------------    -------------------
    SLICE_X0Y92          FDRE                         0.000     0.000 r  divider0/BUF_reg[18]/C
    SLICE_X0Y92          FDRE (Prop_fdre_C_Q)         0.141     0.141 r  divider0/BUF_reg[18]/Q
                         net (fo=1, routed)           0.121     0.262    divider0/BUF_reg_n_0_[18]
    SLICE_X0Y92          CARRY4 (Prop_carry4_S[2]_O[3])
                                                      0.144     0.406 r  divider0/BUF_reg[16]_i_1/O[3]
                         net (fo=1, routed)           0.000     0.406    divider0/BUF_reg[16]_i_1_n_4
    SLICE_X0Y92          FDRE                                         r  divider0/BUF_reg[19]/D
  -------------------------------------------------------------------    -------------------





